{
  "method": "textDocument/completion",
  "result": {
    "isIncomplete": false,
    "items": [
      {
        "label": "foo",
        "kind": 6,
        "detail": "Import default from ./foo",
        "sortText": "00000000000000000000",
        "insertTextFormat": 1,
        "textEdit": {
          "range": {
            "start": {
              "line": 2,
              "character": 0
            },
            "end": {
              "line": 2,
              "character": 3
            }
          },
          "newText": "foo"
        },
        "additionalTextEdits": [
          {
            "range": {
              "start": {
                "line": 2,
                "character": 0
              },
              "end": {
                "line": 2,
                "character": 0
              }
            },
            "newText": "import foo from \"./foo\";\n\n"
          }
        ],
        "command": {
          "title": "",
          "command": "log:org.flow:<PLACEHOLDER_PROJECT_URL>",
          "arguments": [
            "textDocument/completion",
            "autoimport",
            {
              "token": "fooAUTO332",
              "index": 0,
              "session_requests": 1,
              "typed_length": 3,
              "completion": "foo",
              "ac_type": "Acid"
            }
          ]
        }
      },
      {
        "label": "foo",
        "kind": 6,
        "detail": "Import from LibA",
        "sortText": "00000000000000000001",
        "insertTextFormat": 1,
        "textEdit": {
          "range": {
            "start": {
              "line": 2,
              "character": 0
            },
            "end": {
              "line": 2,
              "character": 3
            }
          },
          "newText": "foo"
        },
        "additionalTextEdits": [
          {
            "range": {
              "start": {
                "line": 2,
                "character": 0
              },
              "end": {
                "line": 2,
                "character": 0
              }
            },
            "newText": "import { foo } from \"LibA\";\n\n"
          }
        ],
        "command": {
          "title": "",
          "command": "log:org.flow:<PLACEHOLDER_PROJECT_URL>",
          "arguments": [
            "textDocument/completion",
            "autoimport",
            {
              "token": "fooAUTO332",
              "index": 1,
              "session_requests": 1,
              "typed_length": 3,
              "completion": "foo",
              "ac_type": "Acid"
            }
          ]
        }
      },
      {
        "label": "foo",
        "kind": 6,
        "detail": "Import * from ./foo",
        "sortText": "00000000000000000002",
        "insertTextFormat": 1,
        "textEdit": {
          "range": {
            "start": {
              "line": 2,
              "character": 0
            },
            "end": {
              "line": 2,
              "character": 3
            }
          },
          "newText": "foo"
        },
        "additionalTextEdits": [
          {
            "range": {
              "start": {
                "line": 2,
                "character": 0
              },
              "end": {
                "line": 2,
                "character": 0
              }
            },
            "newText": "import * as foo from \"./foo\";\n\n"
          }
        ],
        "command": {
          "title": "",
          "command": "log:org.flow:<PLACEHOLDER_PROJECT_URL>",
          "arguments": [
            "textDocument/completion",
            "autoimport",
            {
              "token": "fooAUTO332",
              "index": 2,
              "session_requests": 1,
              "typed_length": 3,
              "completion": "foo",
              "ac_type": "Acid"
            }
          ]
        }
      },
      {
        "label": "Foo",
        "kind": 6,
        "detail": "Import from ./foo",
        "sortText": "00000000000000000003",
        "insertTextFormat": 1,
        "textEdit": {
          "range": {
            "start": {
              "line": 2,
              "character": 0
            },
            "end": {
              "line": 2,
              "character": 3
            }
          },
          "newText": "Foo"
        },
        "additionalTextEdits": [
          {
            "range": {
              "start": {
                "line": 2,
                "character": 0
              },
              "end": {
                "line": 2,
                "character": 0
              }
            },
            "newText": "import { Foo } from \"./foo\";\n\n"
          }
        ],
        "command": {
          "title": "",
          "command": "log:org.flow:<PLACEHOLDER_PROJECT_URL>",
          "arguments": [
            "textDocument/completion",
            "autoimport",
            {
              "token": "fooAUTO332",
              "index": 3,
              "session_requests": 1,
              "typed_length": 3,
              "completion": "Foo",
              "ac_type": "Acid"
            }
          ]
        }
      },
      {
        "label": "foobar",
        "kind": 6,
        "detail": "Import default from ./foobar",
        "sortText": "00000000000000000004",
        "insertTextFormat": 1,
        "textEdit": {
          "range": {
            "start": {
              "line": 2,
              "character": 0
            },
            "end": {
              "line": 2,
              "character": 3
            }
          },
          "newText": "foobar"
        },
        "additionalTextEdits": [
          {
            "range": {
              "start": {
                "line": 2,
                "character": 0
              },
              "end": {
                "line": 2,
                "character": 0
              }
            },
            "newText": "import foobar from \"./foobar\";\n\n"
          }
        ],
        "command": {
          "title": "",
          "command": "log:org.flow:<PLACEHOLDER_PROJECT_URL>",
          "arguments": [
            "textDocument/completion",
            "autoimport",
            {
              "token": "fooAUTO332",
              "index": 4,
              "session_requests": 1,
              "typed_length": 3,
              "completion": "foobar",
              "ac_type": "Acid"
            }
          ]
        }
      },
      {
        "label": "FooBar",
        "kind": 6,
        "detail": "Import default from ./foobar",
        "sortText": "00000000000000000005",
        "insertTextFormat": 1,
        "textEdit": {
          "range": {
            "start": {
              "line": 2,
              "character": 0
            },
            "end": {
              "line": 2,
              "character": 3
            }
          },
          "newText": "FooBar"
        },
        "additionalTextEdits": [
          {
            "range": {
              "start": {
                "line": 2,
                "character": 0
              },
              "end": {
                "line": 2,
                "character": 0
              }
            },
            "newText": "import FooBar from \"./foobar\";\n\n"
          }
        ],
        "command": {
          "title": "",
          "command": "log:org.flow:<PLACEHOLDER_PROJECT_URL>",
          "arguments": [
            "textDocument/completion",
            "autoimport",
            {
              "token": "fooAUTO332",
              "index": 5,
              "session_requests": 1,
              "typed_length": 3,
              "completion": "FooBar",
              "ac_type": "Acid"
            }
          ]
        }
      },
      {
        "label": "barFoo",
        "kind": 6,
        "detail": "Import from ./bar",
        "sortText": "00000000000000000006",
        "insertTextFormat": 1,
        "textEdit": {
          "range": {
            "start": {
              "line": 2,
              "character": 0
            },
            "end": {
              "line": 2,
              "character": 3
            }
          },
          "newText": "barFoo"
        },
        "additionalTextEdits": [
          {
            "range": {
              "start": {
                "line": 2,
                "character": 0
              },
              "end": {
                "line": 2,
                "character": 0
              }
            },
            "newText": "import { barFoo } from \"./bar\";\n\n"
          }
        ],
        "command": {
          "title": "",
          "command": "log:org.flow:<PLACEHOLDER_PROJECT_URL>",
          "arguments": [
            "textDocument/completion",
            "autoimport",
            {
              "token": "fooAUTO332",
              "index": 6,
              "session_requests": 1,
              "typed_length": 3,
              "completion": "barFoo",
              "ac_type": "Acid"
            }
          ]
        }
      }
    ]
  }
}
