{
  "method": "textDocument/completion",
  "result": {
    "isIncomplete": true,
    "items": [
      {
        "label": "function",
        "kind": 14,
        "sortText": "00000000000000000000",
        "insertTextFormat": 1,
        "textEdit": {
          "range": {
            "start": {
              "line": 2,
              "character": 0
            },
            "end": {
              "line": 2,
              "character": 1
            }
          },
          "newText": "function"
        },
        "command": {
          "title": "",
          "command": "log:org.flow:<PLACEHOLDER_PROJECT_URL>",
          "arguments": [
            "textDocument/completion",
            "keyword",
            {
              "token": "fAUTO332",
              "index": 0,
              "session_requests": 1,
              "typed_length": 1,
              "completion": "function",
              "ac_type": "Acid"
            }
          ]
        }
      },
      {
        "label": "for",
        "kind": 14,
        "sortText": "00000000000000000001",
        "insertTextFormat": 1,
        "textEdit": {
          "range": {
            "start": {
              "line": 2,
              "character": 0
            },
            "end": {
              "line": 2,
              "character": 1
            }
          },
          "newText": "for"
        },
        "command": {
          "title": "",
          "command": "log:org.flow:<PLACEHOLDER_PROJECT_URL>",
          "arguments": [
            "textDocument/completion",
            "keyword",
            {
              "token": "fAUTO332",
              "index": 1,
              "session_requests": 1,
              "typed_length": 1,
              "completion": "for",
              "ac_type": "Acid"
            }
          ]
        }
      },
      {
        "label": "finally",
        "kind": 14,
        "sortText": "00000000000000000002",
        "insertTextFormat": 1,
        "textEdit": {
          "range": {
            "start": {
              "line": 2,
              "character": 0
            },
            "end": {
              "line": 2,
              "character": 1
            }
          },
          "newText": "finally"
        },
        "command": {
          "title": "",
          "command": "log:org.flow:<PLACEHOLDER_PROJECT_URL>",
          "arguments": [
            "textDocument/completion",
            "keyword",
            {
              "token": "fAUTO332",
              "index": 2,
              "session_requests": 1,
              "typed_length": 1,
              "completion": "finally",
              "ac_type": "Acid"
            }
          ]
        }
      }
    ]
  }
}
